Warning! Ignore unknown configuration option `lib_build_src_filter` in section [env:s3]
Processing s3 (platform: espressif32; board: seeed_xiao_esp32s3; framework: arduino)
--------------------------------------------------------------------------------
Verbose mode can be enabled via `-v, --verbose` option
CONFIGURATION: https://docs.platformio.org/page/boards/espressif32/seeed_xiao_esp32s3.html
PLATFORM: Espressif 32 (7.1.2) > Seeed Studio XIAO ESP32S3
HARDWARE: ESP32S3 240MHz, 320KB RAM, 8MB Flash
DEBUG: Current (cmsis-dap) External (cmsis-dap, esp-bridge, esp-builtin, esp-prog, iot-bus-jtag, jlink, minimodule, olimex-arm-usb-ocd, olimex-arm-usb-ocd-h, olimex-arm-usb-tiny-h, olimex-jtag-tiny, tumpa)
PACKAGES: 
 - framework-arduinoespressif32 @ 4.20017.260907+sha.dcc1105b 
 - tool-esptoolpy @ 2.41100.260830 (4.11.0) 
 - toolchain-riscv32-esp @ 8.4.0+2021r2-patch5 
 - toolchain-xtensa-esp32s3 @ 8.4.0+2021r2-patch5
LDF: Library Dependency Finder -> https://bit.ly/configure-pio-ldf
LDF Modes: Finder ~ chain, Compatibility ~ soft
Found 35 compatible libraries
Scanning dependencies...
Dependency Graph
|-- Seeed_GFX @ 2.0.3+sha.0dfdd71
|-- ArduinoJson @ 7.4.3
Building in release mode
Compiling .pio\build\s3\src\main.cpp.o
Building .pio\build\s3\bootloader.bin
Generating partitions .pio\build\s3\partitions.bin
Compiling .pio\build\s3\lib666\SPI\SPI.cpp.o
esptool.py v4.11.0
Creating esp32s3 image...
Merged 1 ELF section
Successfully created esp32s3 image.
Compiling .pio\build\s3\libd0f\FS\FS.cpp.o
Compiling .pio\build\s3\libd0f\FS\vfs_api.cpp.o
Compiling .pio\build\s3\lib624\SPIFFS\SPIFFS.cpp.o
Compiling .pio\build\s3\lib5ca\LittleFS\LittleFS.cpp.o
Compiling .pio\build\s3\liba31\Wire\Wire.cpp.o
Compiling .pio\build\s3\libc89\Seeed_GFX\TFT_eSPI.cpp.o
In file included from .pio/libdeps/s3/Seeed_GFX/User_Setup_Select.h:9,
                 from .pio/libdeps/s3/Seeed_GFX/TFT_eSPI.h:69,
                 from .pio/libdeps/s3/Seeed_GFX/TFT_eSPI.cpp:16,
                 from src/main.cpp:12:
src/driver.h:15: warning: "USE_XIAO_EPAPER_DISPLAY_BOARD_EE05" redefined
 # define USE_XIAO_EPAPER_DISPLAY_BOARD_EE05
 
<command-line>: note: this is the location of the previous definition
In file included from .pio/libdeps/s3/Seeed_GFX/User_Setup_Select.h:163,
                 from .pio/libdeps/s3/Seeed_GFX/TFT_eSPI.h:69,
                 from .pio/libdeps/s3/Seeed_GFX/TFT_eSPI.cpp:16,
                 from src/main.cpp:12:
.pio/libdeps/s3/Seeed_GFX/TFT_Drivers/JD79667_Defines.h:80:30: warning: backslash and newline separated by space
         writedata(128/256);  \
                               
.pio/libdeps/s3/Seeed_GFX/TFT_Drivers/JD79667_Defines.h:81:30: warning: backslash and newline separated by space
         writedata(128%256);  \
                               
.pio/libdeps/s3/Seeed_GFX/TFT_Drivers/JD79667_Defines.h:82:30: warning: backslash and newline separated by space
         writedata(296/256);  \
                               
In file included from .pio/libdeps/s3/Seeed_GFX/User_Setup_Select.h:163,
                 from .pio/libdeps/s3/Seeed_GFX/TFT_eSPI.h:69,
                 from .pio/libdeps/s3/Seeed_GFX/TFT_eSPI.cpp:16,
                 from src/main.cpp:12:
.pio/libdeps/s3/Seeed_GFX/TFT_Drivers/JD79667_Defines.h:196:45: warning: backslash-newline at end of file
 #define EPD_SET_TEMP(temp)                  \
                                              
Compiling .pio\build\s3\FrameworkArduino\Esp.cpp.o
Compiling .pio\build\s3\FrameworkArduino\FirmwareMSC.cpp.o
Compiling .pio\build\s3\FrameworkArduino\FunctionalInterrupt.cpp.o
Compiling .pio\build\s3\FrameworkArduino\HWCDC.cpp.o
Compiling .pio\build\s3\FrameworkArduino\HardwareSerial.cpp.o
Compiling .pio\build\s3\FrameworkArduino\IPAddress.cpp.o
In file included from .pio/libdeps/s3/Seeed_GFX/TFT_eSPI.cpp:16,
                 from src/main.cpp:12:
.pio/libdeps/s3/Seeed_GFX/TFT_eSPI.h:1084:2: warning: #warning >>>>------>> TOUCH_CS pin not defined, TFT_eSPI touch functions will not be available! [-Wcpp]
 #warning>>>>------>> TOUCH_CS pin not defined, TFT_eSPI touch functions will not be available!
  ^~~~~~~
Compiling .pio\build\s3\FrameworkArduino\IPv6Address.cpp.o
Compiling .pio\build\s3\FrameworkArduino\MD5Builder.cpp.o
Compiling .pio\build\s3\FrameworkArduino\Print.cpp.o
Compiling .pio\build\s3\FrameworkArduino\Stream.cpp.o
Compiling .pio\build\s3\FrameworkArduino\StreamString.cpp.o
Compiling .pio\build\s3\FrameworkArduino\Tone.cpp.o
Compiling .pio\build\s3\FrameworkArduino\USB.cpp.o
Compiling .pio\build\s3\FrameworkArduino\USBCDC.cpp.o
Compiling .pio\build\s3\FrameworkArduino\USBMSC.cpp.o
Compiling .pio\build\s3\FrameworkArduino\WMath.cpp.o
Archiving .pio\build\s3\lib666\libSPI.a
Indexing .pio\build\s3\lib666\libSPI.a
Compiling .pio\build\s3\FrameworkArduino\WString.cpp.o
Compiling .pio\build\s3\FrameworkArduino\base64.cpp.o
Compiling .pio\build\s3\FrameworkArduino\cbuf.cpp.o
Compiling .pio\build\s3\FrameworkArduino\esp32-hal-adc.c.o
Archiving .pio\build\s3\lib624\libSPIFFS.a
Archiving .pio\build\s3\libd0f\libFS.a
Compiling .pio\build\s3\FrameworkArduino\esp32-hal-bt.c.o
Indexing .pio\build\s3\lib624\libSPIFFS.a
Indexing .pio\build\s3\libd0f\libFS.a
In file included from .pio/libdeps/s3/Seeed_GFX/User_Setup_Select.h:163,
                 from .pio/libdeps/s3/Seeed_GFX/TFT_eSPI.h:69,
                 from .pio/libdeps/s3/Seeed_GFX/TFT_eSPI.cpp:16:
.pio/libdeps/s3/Seeed_GFX/TFT_Drivers/JD79667_Defines.h:80:30: warning: backslash and newline separated by space
         writedata(128/256);  \
                               
.pio/libdeps/s3/Seeed_GFX/TFT_Drivers/JD79667_Defines.h:81:30: warning: backslash and newline separated by space
         writedata(128%256);  \
                               
.pio/libdeps/s3/Seeed_GFX/TFT_Drivers/JD79667_Defines.h:82:30: warning: backslash and newline separated by space
         writedata(296/256);  \
                               
In file included from .pio/libdeps/s3/Seeed_GFX/User_Setup_Select.h:163,
                 from .pio/libdeps/s3/Seeed_GFX/TFT_eSPI.h:69,
                 from .pio/libdeps/s3/Seeed_GFX/TFT_eSPI.cpp:16:
.pio/libdeps/s3/Seeed_GFX/TFT_Drivers/JD79667_Defines.h:196:45: warning: backslash-newline at end of file
 #define EPD_SET_TEMP(temp)                  \
                                              
Compiling .pio\build\s3\FrameworkArduino\esp32-hal-cpu.c.o
Archiving .pio\build\s3\lib5ca\libLittleFS.a
Compiling .pio\build\s3\FrameworkArduino\esp32-hal-dac.c.o
Compiling .pio\build\s3\FrameworkArduino\esp32-hal-gpio.c.o
Indexing .pio\build\s3\lib5ca\libLittleFS.a
Compiling .pio\build\s3\FrameworkArduino\esp32-hal-i2c-slave.c.o
Archiving .pio\build\s3\liba31\libWire.a
In file included from .pio/libdeps/s3/Seeed_GFX/TFT_eSPI.cpp:16:
.pio/libdeps/s3/Seeed_GFX/TFT_eSPI.h:1084:2: warning: #warning >>>>------>> TOUCH_CS pin not defined, TFT_eSPI touch functions will not be available! [-Wcpp]
 #warning>>>>------>> TOUCH_CS pin not defined, TFT_eSPI touch functions will not be available!
  ^~~~~~~
Compiling .pio\build\s3\FrameworkArduino\esp32-hal-i2c.c.o
Compiling .pio\build\s3\FrameworkArduino\esp32-hal-ledc.c.o
Compiling .pio\build\s3\FrameworkArduino\esp32-hal-matrix.c.o
Indexing .pio\build\s3\liba31\libWire.a
Compiling .pio\build\s3\FrameworkArduino\esp32-hal-misc.c.o
Compiling .pio\build\s3\FrameworkArduino\esp32-hal-psram.c.o
Compiling .pio\build\s3\FrameworkArduino\esp32-hal-rgb-led.c.o
Compiling .pio\build\s3\FrameworkArduino\esp32-hal-rmt.c.o
Compiling .pio\build\s3\FrameworkArduino\esp32-hal-sigmadelta.c.o
Compiling .pio\build\s3\FrameworkArduino\esp32-hal-spi.c.o
Compiling .pio\build\s3\FrameworkArduino\esp32-hal-time.c.o
Compiling .pio\build\s3\FrameworkArduino\esp32-hal-timer.c.o
Compiling .pio\build\s3\FrameworkArduino\esp32-hal-tinyusb.c.o
Compiling .pio\build\s3\FrameworkArduino\esp32-hal-touch.c.o
Compiling .pio\build\s3\FrameworkArduino\esp32-hal-uart.c.o
Compiling .pio\build\s3\FrameworkArduino\firmware_msc_fat.c.o
Compiling .pio\build\s3\FrameworkArduino\libb64\cdecode.c.o
Compiling .pio\build\s3\FrameworkArduino\libb64\cencode.c.o
Compiling .pio\build\s3\FrameworkArduino\main.cpp.o
Compiling .pio\build\s3\FrameworkArduino\stdlib_noniso.c.o
Compiling .pio\build\s3\FrameworkArduino\wiring_pulse.c.o
Compiling .pio\build\s3\FrameworkArduino\wiring_shift.c.o
Archiving .pio\build\s3\libFrameworkArduino.a
Indexing .pio\build\s3\libFrameworkArduino.a
Archiving .pio\build\s3\libc89\libSeeed_GFX.a
Indexing .pio\build\s3\libc89\libSeeed_GFX.a
Linking .pio\build\s3\firmware.elf
Retrieving maximum program size .pio\build\s3\firmware.elf
Checking size .pio\build\s3\firmware.elf
Advanced Memory Usage is available via "PlatformIO Home > Project Inspect"
RAM:   [=         ]   5.8% (used 18916 bytes from 327680 bytes)
Flash: [=         ]   9.5% (used 316289 bytes from 3342336 bytes)
Building .pio\build\s3\firmware.bin
esptool.py v4.11.0
Creating esp32s3 image...
Merged 2 ELF sections
Successfully created esp32s3 image.
========================= [SUCCESS] Took 9.76 seconds =========================
